Analyzing ladder_game...                                        

   info - 'withOpacity' is deprecated and shouldn't be used. Use .withValues() to avoid precision loss - lib\core\neon_button.dart:76:43 - deprecated_member_use
   info - The private field _currentTheme could be 'final' - lib\core\neon_theme.dart:81:13 - prefer_final_fields
warning - The declaration '_onPressedDown' isn't referenced - lib\core\widgets\neon_3d_button.dart:45:8 - unused_element
warning - The declaration '_onPressedUp' isn't referenced - lib\core\widgets\neon_3d_button.dart:52:8 - unused_element
   info - 'withOpacity' is deprecated and shouldn't be used. Use .withValues() to avoid precision loss - lib\features\home\ladder_home_screen.dart:173:78 - deprecated_member_use
   info - 'withOpacity' is deprecated and shouldn't be used. Use .withValues() to avoid precision loss - lib\features\home\ladder_home_screen.dart:186:102 - deprecated_member_use
   info - 'withOpacity' is deprecated and shouldn't be used. Use .withValues() to avoid precision loss - lib\features\home\ladder_home_screen.dart:196:39 - deprecated_member_use
   info - 'withOpacity' is deprecated and shouldn't be used. Use .withValues() to avoid precision loss - lib\features\home\ladder_home_screen.dart:198:58 - deprecated_member_use
   info - The import of 'dart:ui' is unnecessary because all of the used elements are also provided by the import of 'package:flutter/material.dart' - lib\features\ladder_game\ladder_game_screen.dart:2:8 - unnecessary_import
   info - 'withOpacity' is deprecated and shouldn't be used. Use .withValues() to avoid precision loss - lib\features\ladder_game\ladder_game_screen.dart:332:115 - deprecated_member_use
   info - 'withOpacity' is deprecated and shouldn't be used. Use .withValues() to avoid precision loss - lib\features\ladder_game\ladder_game_screen.dart:333:108 - deprecated_member_use
   info - 'withOpacity' is deprecated and shouldn't be used. Use .withValues() to avoid precision loss - lib\features\ladder_game\ladder_game_screen.dart:382:87 - deprecated_member_use
   info - 'withOpacity' is deprecated and shouldn't be used. Use .withValues() to avoid precision loss - lib\features\ladder_game\ladder_game_screen.dart:386:77 - deprecated_member_use
   info - 'withOpacity' is deprecated and shouldn't be used. Use .withValues() to avoid precision loss - lib\features\ladder_game\ladder_game_screen.dart:420:61 - deprecated_member_use
   info - 'withOpacity' is deprecated and shouldn't be used. Use .withValues() to avoid precision loss - lib\features\ladder_game\ladder_painter.dart:41:46 - deprecated_member_use
   info - 'withOpacity' is deprecated and shouldn't be used. Use .withValues() to avoid precision loss - lib\features\ladder_game\ladder_painter.dart:93:27 - deprecated_member_use
   info - 'Share' is deprecated and shouldn't be used. Use SharePlus instead - lib\features\ladder_game\ladder_result_screen.dart:52:13 - deprecated_member_use
   info - 'shareXFiles' is deprecated and shouldn't be used. Use SharePlus.instance.share() instead - lib\features\ladder_game\ladder_result_screen.dart:52:19 - deprecated_member_use
   info - 'withOpacity' is deprecated and shouldn't be used. Use .withValues() to avoid precision loss - lib\features\ladder_game\ladder_result_screen.dart:219:55 - deprecated_member_use
   info - 'withOpacity' is deprecated and shouldn't be used. Use .withValues() to avoid precision loss - lib\features\ladder_game\ladder_result_screen.dart:228:40 - deprecated_member_use
   info - 'withOpacity' is deprecated and shouldn't be used. Use .withValues() to avoid precision loss - lib\features\ladder_game\ladder_result_screen.dart:247:61 - deprecated_member_use
   info - 'withOpacity' is deprecated and shouldn't be used. Use .withValues() to avoid precision loss - lib\features\ladder_game\ladder_result_screen.dart:262:57 - deprecated_member_use
   info - 'withOpacity' is deprecated and shouldn't be used. Use .withValues() to avoid precision loss - lib\features\ladder_game\ladder_result_screen.dart:265:80 - deprecated_member_use
   info - 'withOpacity' is deprecated and shouldn't be used. Use .withValues() to avoid precision loss - lib\features\ladder_game\ladder_result_screen.dart:330:55 - deprecated_member_use
   info - 'withOpacity' is deprecated and shouldn't be used. Use .withValues() to avoid precision loss - lib\features\ladder_game\ladder_result_screen.dart:338:49 - deprecated_member_use
   info - 'withOpacity' is deprecated and shouldn't be used. Use .withValues() to avoid precision loss - lib\features\ladder_game\ladder_result_screen.dart:360:68 - deprecated_member_use
   info - 'withOpacity' is deprecated and shouldn't be used. Use .withValues() to avoid precision loss - lib\features\ladder_game\ladder_result_screen.dart:531:51 - deprecated_member_use
   info - 'withOpacity' is deprecated and shouldn't be used. Use .withValues() to avoid precision loss - lib\features\ladder_game\ladder_result_screen.dart:544:64 - deprecated_member_use
   info - 'withOpacity' is deprecated and shouldn't be used. Use .withValues() to avoid precision loss - lib\features\ladder_game\ladder_result_screen.dart:555:38 - deprecated_member_use
   info - 'withOpacity' is deprecated and shouldn't be used. Use .withValues() to avoid precision loss - lib\features\ladder_game\ladder_result_screen.dart:591:56 - deprecated_member_use
  error - The named parameter 'borderSide' isn't defined - lib\features\ladder_game\ladder_settings_screen.dart:237:79 - undefined_named_parameter
  error - Arguments of a constant creation must be constant expressions - lib\features\ladder_game\ladder_settings_screen.dart:472:23 - const_with_non_constant_argument
  error - The getter 'psychiatry' isn't defined for the type 'Icons' - lib\features\ladder_game\ladder_settings_screen.dart:472:29 - undefined_getter
   info - Statements in a for should be enclosed in a block - lib\features\ladder_game\participant_manager_dialog.dart:28:39 - curly_braces_in_flow_control_structures
   info - Statements in a for should be enclosed in a block - lib\features\ladder_game\participant_manager_dialog.dart:29:34 - curly_braces_in_flow_control_structures
   info - Statements in a for should be enclosed in a block - lib\features\ladder_game\participant_manager_dialog.dart:56:39 - curly_braces_in_flow_control_structures
   info - Statements in a for should be enclosed in a block - lib\features\ladder_game\participant_manager_dialog.dart:57:34 - curly_braces_in_flow_control_structures
   info - 'withOpacity' is deprecated and shouldn't be used. Use .withValues() to avoid precision loss - lib\features\ladder_game\participant_manager_dialog.dart:108:66 - deprecated_member_use
   info - 'withOpacity' is deprecated and shouldn't be used. Use .withValues() to avoid precision loss - lib\features\ladder_game\participant_manager_dialog.dart:263:41 - deprecated_member_use
   info - 'withOpacity' is deprecated and shouldn't be used. Use .withValues() to avoid precision loss - lib\features\ladder_game\participant_manager_dialog.dart:383:68 - deprecated_member_use
   info - 'withOpacity' is deprecated and shouldn't be used. Use .withValues() to avoid precision loss - lib\features\ladder_game\participant_manager_dialog.dart:423:56 - deprecated_member_use

